---
source: tests/ast/variables.rs
expression: "ast_from_code_str(r#\"a: f32 = 1f32\"#,\n    \"variables/should_assign_f32/decimal_with_type\")"
---
[
    VariableDeclaration(
        Variable {
            var_type: F32,
            name: "a",
            value: Operand(
                LiteralF32(
                    1.0,
                ),
            ),
            location: 0..0,
        },
    ),
]
